
==================== Strictness signatures ====================
T13380f.$trModule:
T13380f.f: <1!L><1!L><L>
T13380f.g: <1!L><ML><L>
T13380f.h: <1!L><ML><L>
T13380f.interruptibleCall: <L>
T13380f.safeCall: <L>
T13380f.unsafeCall: <L>



==================== Cpr signatures ====================
T13380f.$trModule:
T13380f.f:
T13380f.g:
T13380f.h:
T13380f.interruptibleCall:
T13380f.safeCall:
T13380f.unsafeCall:



==================== Strictness signatures ====================
T13380f.$trModule:
T13380f.f: <1!L><1!L><L>
T13380f.g: <1!L><ML><L>
T13380f.h: <1!L><ML><L>
T13380f.interruptibleCall: <L>
T13380f.safeCall: <L>
T13380f.unsafeCall: <L>


