
==================== Strictness signatures ====================
T5075.$trModule:
T5075.loop: <S!P(A,A,SCS(C1(L)),A,A,A,A,A)><LP(A,A,LCL(C1(L)),A,A,A,L)><L>



==================== Cpr signatures ====================
T5075.$trModule:
T5075.loop:



==================== Strictness signatures ====================
T5075.$trModule:
T5075.loop: <1P(A,A,SCS(C1(L)),A,A,A,A,A)><LP(A,A,LCL(C1(L)),A,A,A,L)><L>


